{
    "Should run without failures": {
        "content": [
            {
                "0": [
                    [
                        {
                            "id": "test"
                        },
                        "test.saf:md5,ab7473e78baf6476d2f8292417c75ccc"
                    ]
                ],
                "1": [
                    "versions.yml:md5,5faf1b257e5c3e3c143e2a5114daf72b"
                ],
                "saf": [
                    [
                        {
                            "id": "test"
                        },
                        "test.saf:md5,ab7473e78baf6476d2f8292417c75ccc"
                    ]
                ],
                "versions": [
                    "versions.yml:md5,5faf1b257e5c3e3c143e2a5114daf72b"
                ]
            }
        ],
        "timestamp": "2026-08-12T16:16:14.934082",
        "meta": {
            "nf-test": "0.9.5",
            "nextflow": "25.10.4"
        }
    }
}
