{
    "hsapiens": {
        "content": [
            {
                "0": [

                ],
                "1": [

                ],
                "peaks": [

                ],
                "recap": [

                ]
            }
        ],
        "meta": {
            "nf-test": "0.9.1",
            "nextflow": "24.10.0"
        },
        "timestamp": "2024-12-11T16:34:47.684081028"
    },
    "hsapiens stub": {
        "content": [
            {
                "0": [

                ],
                "1": [

                ],
                "peaks": [

                ],
                "recap": [

                ]
            }
        ],
        "meta": {
            "nf-test": "0.9.1",
            "nextflow": "24.10.0"
        },
        "timestamp": "2024-12-11T16:34:53.055465915"
    }
}
